Traceback (most recent call last):
  File "/home/edp/Desktop/Waterstation/TrashDay.py", line 114, in <module>
    show_warning("TODAY IS RECYCLING DAY!", bg_color="green")
    ~~~~~~~~~~~~^^^^^^^^^^^^^^^^^^^^^^^^^^^^^^^^^^^^^^^^^^^^^
  File "/home/edp/Desktop/Waterstation/TrashDay.py", line 44, in show_warning
    root = tk.Tk()
  File "/usr/lib/python3.13/tkinter/__init__.py", line 2462, in __init__
    self.tk = _tkinter.create(screenName, baseName, className, interactive, wantobjects, useTk, sync, use)
              ~~~~~~~~~~~~~~~^^^^^^^^^^^^^^^^^^^^^^^^^^^^^^^^^^^^^^^^^^^^^^^^^^^^^^^^^^^^^^^^^^^^^^^^^^^^^
_tkinter.TclError: no display name and no $DISPLAY environment variable
Traceback (most recent call last):
  File "/home/edp/Desktop/Waterstation/TrashDay.py", line 114, in <module>
    show_warning("TODAY IS RECYCLING DAY!", bg_color="green")
    ~~~~~~~~~~~~^^^^^^^^^^^^^^^^^^^^^^^^^^^^^^^^^^^^^^^^^^^^^
  File "/home/edp/Desktop/Waterstation/TrashDay.py", line 44, in show_warning
    root = tk.Tk()
  File "/usr/lib/python3.13/tkinter/__init__.py", line 2462, in __init__
    self.tk = _tkinter.create(screenName, baseName, className, interactive, wantobjects, useTk, sync, use)
              ~~~~~~~~~~~~~~~^^^^^^^^^^^^^^^^^^^^^^^^^^^^^^^^^^^^^^^^^^^^^^^^^^^^^^^^^^^^^^^^^^^^^^^^^^^^^
_tkinter.TclError: no display name and no $DISPLAY environment variable
